********************************************************************************
Obsolete PIO Core v6.1.18 is used (previous was 6.1.19)
Please remove multiple PIO Cores from a system:
https://docs.platformio.org/en/latest/core/installation/troubleshooting.html
********************************************************************************
Processing stm32f103rct6_full (platform: ststm32; board: genericSTM32F103RC; framework: stm32cube)
--------------------------------------------------------------------------------
Verbose mode can be enabled via `-v, --verbose` option
CONFIGURATION: https://docs.platformio.org/page/boards/ststm32/genericSTM32F103RC.html
PLATFORM: ST STM32 (19.4.0) > STM32F103RC (48k RAM. 256k Flash)
HARDWARE: STM32F103RCT6 72MHz, 48KB RAM, 256KB Flash
DEBUG: Current (blackmagic) External (blackmagic, cmsis-dap, jlink, stlink)
PACKAGES: 
 - framework-stm32cubef1 @ 1.8.6 
 - tool-ldscripts-ststm32 @ 0.2.0 
 - toolchain-gccarmnoneeabi @ 1.70201.0 (7.2.1)
LDF: Library Dependency Finder -> https://bit.ly/configure-pio-ldf
LDF Modes: Finder ~ chain, Compatibility ~ soft
Found 28 compatible libraries
Scanning dependencies...
No dependencies
Building in release mode
Compiling .pio\build\stm32f103rct6_full\FrameworkHALDriver\Src\stm32f1xx_hal.o
Compiling .pio\build\stm32f103rct6_full\FrameworkHALDriver\Src\stm32f1xx_hal_adc.o
Compiling .pio\build\stm32f103rct6_full\FrameworkHALDriver\Src\stm32f1xx_hal_adc_ex.o
Compiling .pio\build\stm32f103rct6_full\FrameworkHALDriver\Src\stm32f1xx_hal_can.o
Compiling .pio\build\stm32f103rct6_full\FrameworkHALDriver\Src\stm32f1xx_hal_cec.o
Compiling .pio\build\stm32f103rct6_full\FrameworkHALDriver\Src\stm32f1xx_hal_cortex.o
Compiling .pio\build\stm32f103rct6_full\FrameworkHALDriver\Src\stm32f1xx_hal_crc.o
Compiling .pio\build\stm32f103rct6_full\FrameworkHALDriver\Src\stm32f1xx_hal_dac.o
Compiling .pio\build\stm32f103rct6_full\FrameworkHALDriver\Src\stm32f1xx_hal_dac_ex.o
Compiling .pio\build\stm32f103rct6_full\FrameworkHALDriver\Src\stm32f1xx_hal_dma.o
Compiling .pio\build\stm32f103rct6_full\FrameworkHALDriver\Src\stm32f1xx_hal_eth.o
Compiling .pio\build\stm32f103rct6_full\FrameworkHALDriver\Src\stm32f1xx_hal_exti.o
Compiling .pio\build\stm32f103rct6_full\FrameworkHALDriver\Src\stm32f1xx_hal_flash.o
Compiling .pio\build\stm32f103rct6_full\FrameworkHALDriver\Src\stm32f1xx_hal_flash_ex.o
Compiling .pio\build\stm32f103rct6_full\FrameworkHALDriver\Src\stm32f1xx_hal_gpio.o
Compiling .pio\build\stm32f103rct6_full\FrameworkHALDriver\Src\stm32f1xx_hal_gpio_ex.o
Compiling .pio\build\stm32f103rct6_full\FrameworkHALDriver\Src\stm32f1xx_hal_hcd.o
Compiling .pio\build\stm32f103rct6_full\FrameworkHALDriver\Src\stm32f1xx_hal_i2c.o
Compiling .pio\build\stm32f103rct6_full\FrameworkHALDriver\Src\stm32f1xx_hal_i2s.o
Compiling .pio\build\stm32f103rct6_full\FrameworkHALDriver\Src\stm32f1xx_hal_irda.o
Compiling .pio\build\stm32f103rct6_full\FrameworkHALDriver\Src\stm32f1xx_hal_iwdg.o
Compiling .pio\build\stm32f103rct6_full\FrameworkHALDriver\Src\stm32f1xx_hal_mmc.o
Compiling .pio\build\stm32f103rct6_full\FrameworkHALDriver\Src\stm32f1xx_hal_nand.o
Compiling .pio\build\stm32f103rct6_full\FrameworkHALDriver\Src\stm32f1xx_hal_nor.o
Compiling .pio\build\stm32f103rct6_full\FrameworkHALDriver\Src\stm32f1xx_hal_pccard.o
Compiling .pio\build\stm32f103rct6_full\FrameworkHALDriver\Src\stm32f1xx_hal_pcd.o
Compiling .pio\build\stm32f103rct6_full\FrameworkHALDriver\Src\stm32f1xx_hal_pcd_ex.o
Compiling .pio\build\stm32f103rct6_full\FrameworkHALDriver\Src\stm32f1xx_hal_pwr.o
Compiling .pio\build\stm32f103rct6_full\FrameworkHALDriver\Src\stm32f1xx_hal_rcc.o
Compiling .pio\build\stm32f103rct6_full\FrameworkHALDriver\Src\stm32f1xx_hal_rcc_ex.o
Compiling .pio\build\stm32f103rct6_full\FrameworkHALDriver\Src\stm32f1xx_hal_rtc.o
Compiling .pio\build\stm32f103rct6_full\FrameworkHALDriver\Src\stm32f1xx_hal_rtc_ex.o
Compiling .pio\build\stm32f103rct6_full\FrameworkHALDriver\Src\stm32f1xx_hal_sd.o
Compiling .pio\build\stm32f103rct6_full\FrameworkHALDriver\Src\stm32f1xx_hal_smartcard.o
Compiling .pio\build\stm32f103rct6_full\FrameworkHALDriver\Src\stm32f1xx_hal_spi.o
Compiling .pio\build\stm32f103rct6_full\FrameworkHALDriver\Src\stm32f1xx_hal_sram.o
Compiling .pio\build\stm32f103rct6_full\FrameworkHALDriver\Src\stm32f1xx_hal_tim.o
Compiling .pio\build\stm32f103rct6_full\FrameworkHALDriver\Src\stm32f1xx_hal_tim_ex.o
Compiling .pio\build\stm32f103rct6_full\FrameworkHALDriver\Src\stm32f1xx_hal_uart.o
Compiling .pio\build\stm32f103rct6_full\FrameworkHALDriver\Src\stm32f1xx_hal_usart.o
Compiling .pio\build\stm32f103rct6_full\FrameworkHALDriver\Src\stm32f1xx_hal_wwdg.o
Compiling .pio\build\stm32f103rct6_full\FrameworkHALDriver\Src\stm32f1xx_ll_adc.o
Compiling .pio\build\stm32f103rct6_full\FrameworkHALDriver\Src\stm32f1xx_ll_crc.o
Compiling .pio\build\stm32f103rct6_full\FrameworkHALDriver\Src\stm32f1xx_ll_dac.o
Compiling .pio\build\stm32f103rct6_full\FrameworkHALDriver\Src\stm32f1xx_ll_dma.o
Compiling .pio\build\stm32f103rct6_full\FrameworkHALDriver\Src\stm32f1xx_ll_exti.o
Compiling .pio\build\stm32f103rct6_full\FrameworkHALDriver\Src\stm32f1xx_ll_fsmc.o
Compiling .pio\build\stm32f103rct6_full\FrameworkHALDriver\Src\stm32f1xx_ll_gpio.o
Compiling .pio\build\stm32f103rct6_full\FrameworkHALDriver\Src\stm32f1xx_ll_i2c.o
Compiling .pio\build\stm32f103rct6_full\FrameworkHALDriver\Src\stm32f1xx_ll_pwr.o
Compiling .pio\build\stm32f103rct6_full\FrameworkHALDriver\Src\stm32f1xx_ll_rcc.o
Compiling .pio\build\stm32f103rct6_full\FrameworkHALDriver\Src\stm32f1xx_ll_rtc.o
Compiling .pio\build\stm32f103rct6_full\FrameworkHALDriver\Src\stm32f1xx_ll_sdmmc.o
Compiling .pio\build\stm32f103rct6_full\FrameworkHALDriver\Src\stm32f1xx_ll_spi.o
Compiling .pio\build\stm32f103rct6_full\FrameworkHALDriver\Src\stm32f1xx_ll_tim.o
Compiling .pio\build\stm32f103rct6_full\FrameworkHALDriver\Src\stm32f1xx_ll_usart.o
Compiling .pio\build\stm32f103rct6_full\FrameworkHALDriver\Src\stm32f1xx_ll_usb.o
Compiling .pio\build\stm32f103rct6_full\FrameworkHALDriver\Src\stm32f1xx_ll_utils.o
Compiling .pio\build\stm32f103rct6_full\src\Src\applications\app.o
Compiling .pio\build\stm32f103rct6_full\src\Src\applications\app_adc.o
Compiling .pio\build\stm32f103rct6_full\src\Src\applications\app_custom.o
Compiling .pio\build\stm32f103rct6_full\src\Src\applications\app_custom_template.o
Compiling .pio\build\stm32f103rct6_full\src\Src\applications\app_dpv.o
In file included from Src\applications\app.c:22:0:
Src\applications\app.h:23:10: fatal error: conf_general.h: No such file or directory

**********************************************************************
* Looking for conf_general.h dependency? Check our library registry!
*
* CLI  > platformio lib search "header:conf_general.h"
* Web  > https://registry.platformio.org/search?q=header:conf_general.h
*
**********************************************************************

 #include "conf_general.h"
          ^~~~~~~~~~~~~~~~
compilation terminated.
Src\applications\app_custom.c:20:10: fatal error: conf_general.h: No such file or directory

**********************************************************************
* Looking for conf_general.h dependency? Check our library registry!
*
* CLI  > platformio lib search "header:conf_general.h"
* Web  > https://registry.platformio.org/search?q=header:conf_general.h
*
**********************************************************************

 #include "conf_general.h"
          ^~~~~~~~~~~~~~~~
compilation terminated.
In file included from Src\applications\app_adc.c:22:0:
Src\applications\app.h:23:10: fatal error: conf_general.h: No such file or directory

**********************************************************************
* Looking for conf_general.h dependency? Check our library registry!
*
* CLI  > platformio lib search "header:conf_general.h"
* Web  > https://registry.platformio.org/search?q=header:conf_general.h
*
**********************************************************************

 #include "conf_general.h"
          ^~~~~~~~~~~~~~~~
compilation terminated.
*** [.pio\build\stm32f103rct6_full\src\Src\applications\app.o] Error 1
*** [.pio\build\stm32f103rct6_full\src\Src\applications\app_adc.o] Error 1
*** [.pio\build\stm32f103rct6_full\src\Src\applications\app_custom.o] Error 1
In file included from Src\applications\app_custom_template.c:20:0:
Src\applications\app.h:23:10: fatal error: conf_general.h: No such file or directory

**********************************************************************
* Looking for conf_general.h dependency? Check our library registry!
*
* CLI  > platformio lib search "header:conf_general.h"
* Web  > https://registry.platformio.org/search?q=header:conf_general.h
*
**********************************************************************

 #include "conf_general.h"
          ^~~~~~~~~~~~~~~~
compilation terminated.
In file included from Src\applications\app_dpv.c:1:0:
Src\applications\app.h:23:10: fatal error: conf_general.h: No such file or directory

**********************************************************************
* Looking for conf_general.h dependency? Check our library registry!
*
* CLI  > platformio lib search "header:conf_general.h"
* Web  > https://registry.platformio.org/search?q=header:conf_general.h
*
**********************************************************************

 #include "conf_general.h"
          ^~~~~~~~~~~~~~~~
compilation terminated.
*** [.pio\build\stm32f103rct6_full\src\Src\applications\app_dpv.o] Error 1
*** [.pio\build\stm32f103rct6_full\src\Src\applications\app_custom_template.o] Error 1
========================== [FAILED] Took 5.37 seconds ==========================
