********************************************************************************
Obsolete PIO Core v6.1.18 is used (previous was 6.1.19)
Please remove multiple PIO Cores from a system:
https://docs.platformio.org/en/latest/core/installation/troubleshooting.html
********************************************************************************
Processing stm32f103rct6 (platform: ststm32; board: genericSTM32F103RC; framework: stm32cube)
--------------------------------------------------------------------------------
Verbose mode can be enabled via `-v, --verbose` option
CONFIGURATION: https://docs.platformio.org/page/boards/ststm32/genericSTM32F103RC.html
PLATFORM: ST STM32 (19.4.0) > STM32F103RC (48k RAM. 256k Flash)
HARDWARE: STM32F103RCT6 72MHz, 48KB RAM, 256KB Flash
DEBUG: Current (blackmagic) External (blackmagic, cmsis-dap, jlink, stlink)
PACKAGES: 
 - framework-stm32cubef1 @ 1.8.6 
 - tool-ldscripts-ststm32 @ 0.2.0 
 - toolchain-gccarmnoneeabi @ 1.70201.0 (7.2.1)
LDF: Library Dependency Finder -> https://bit.ly/configure-pio-ldf
LDF Modes: Finder ~ chain, Compatibility ~ soft
Found 28 compatible libraries
Scanning dependencies...
No dependencies
Building in release mode
Compiling .pio\build\stm32f103rct6\src\Src\driver\pwm_servo.o
Linking .pio\build\stm32f103rct6\firmware.elf
Checking size .pio\build\stm32f103rct6\firmware.elf
Advanced Memory Usage is available via "PlatformIO Home > Project Inspect"
RAM:   [==========]  95.5% (used 46964 bytes from 49152 bytes)
Flash: [=====     ]  50.6% (used 132548 bytes from 262144 bytes)
Building .pio\build\stm32f103rct6\firmware.bin
========================= [SUCCESS] Took 3.84 seconds =========================
